Receipt:
Item: apples (units:kilo) - Qty:2.5 - Unit price:1.99 - Price:4.975
Item: toothbrush (units:each) - Qty:3 - Unit price:2 - Price:6 Discount: Prod:toothbrush (units:each) [Desc:Buy 2 for $1.5  Disc. Amount:-2.5]
Total: 8.475
